// Jest Snapshot v1, https://goo.gl/fbAQLP

exports[`<Color /> UI Component Renders correct properties 1`] = `
<Route
  render={[Function]}
/>
`;
